Script started on Fri 23 Jan 2015 10:50:20 PM PST
]0;jeffrey@jeffrey-N56DP: ~/cs100/hw0jeffrey@jeffrey-N56DP:~/cs100/hw0$ make[K[K[K[Km[Kmake
mkdir bin
g++ -Wall -Werror -ansi -pedantic -o bin/rshell src/main.cpp
]0;jeffrey@jeffrey-N56DP: ~/cs100/hw0jeffrey@jeffrey-N56DP:~/cs100/hw0$ ls[K[Kbin/rshell
$ ls
bin  exec.script  LICENSE  Makefile  README.md	rshell	src  tests
$ ls -a
.  ..  bin  exec.script  .git  LICENSE	Makefile  README.md  rshell  src  tests
$ echo hello world
hello world
$ ls || echo does thi  s owrk?     work?
bin  exec.script  LICENSE  Makefile  README.md	rshell	src  tests
$ ls && echo Test for truth
bin  exec.script  LICENSE  Makefile  README.md	rshell	src  tests
Test for truth
$ lssssss && echo Will I run?
There was an error running execvp.: No such file or directory
$ ls ; p   asdf  ;    ; mkdir test
bin  exec.script  LICENSE  Makefile  README.md	rshell	src  tests
There was an error running execvp.: No such file or directory
$ #    This is a comment.
$ ;
$ ;;     ls  ;
bin  exec.script  LICENSE  Makefile  README.md	rshell	src  test  tests
$ po  po  po  p po  p p p lsssss || echo maybe I       maybe this will work
There was an error running execvp.: No such file or directory
There was an error running execvp.: No such file or directory
$ echo#thisma  willnotwork
$ ^C
]0;jeffrey@jeffrey-N56DP: ~/cs100/hw0jeffrey@jeffrey-N56DP:~/cs100/hw0$ exit
Script done on Fri 23 Jan 2015 10:55:42 PM PST
