Script started on Fri 23 Jan 2015 11:14:24 PM PST
]0;jeffrey@jeffrey-N56DP: ~/cs100/hw0jeffrey@jeffrey-N56DP:~/cs100/hw0$ make
mkdir bin
g++ -Wall -Werror -ansi -pedantic -o bin/rshell src/main.cpp
]0;jeffrey@jeffrey-N56DP: ~/cs100/hw0jeffrey@jeffrey-N56DP:~/cs100/hw0$ bin/rshell
$ ls
bin  exec.script  LICENSE  Makefile  README.md	rshell	src  test  tests
$ ls -a
.  ..  bin  exec.script  .git  LICENSE	Makefile  README.md  rshell  src  test	tests
$ echo hello world
hello world
$ ls    echo hello world || ls
hello world
$ echo ell        ls |||  echo hello world
bin  exec.script  LICENSE  Makefile  README.md	rshell	src  test  tests
$ lasdf     echoa hello world }}  || ls
There was an error running execvp.: No such file or directory
$ ls ||    sssss || echo hello world
There was an error running execvp.: No such file or directory
$ ls && echo and w     and his   this will run
bin  exec.script  LICENSE  Makefile  README.md	rshell	src  test  tests
and this will run
$ echo ls will run too && ls
ls will run too
$ echo hello && mkdir test || echo world
hello
hello | echo world echo
$ ls -a; echo there are semicolons
.  ..  bin  exec.script  .git  LICENSE	Makefile  README.md  rshell  src  test	tests
there are semicolons ls ls 
$ ; ls
ls: cannot access : No such file or directory
ls: cannot access are: No such file or directory
ls: cannot access semicolons: No such file or directory
ls: cannot access ; ls: No such file or directory
ls: cannot access ; ls: No such file or directory
ls: cannot access : No such file or directory
$ ll ;;   ;
$ ;;
$ #co  this isa comm       a comment.
$ # echo#helloworld
There was an error running execvp.: No such file or directory
$ echo comments #inbetween do not work
comments #inbetween do not work
$ exi   ls -a; echo hello && mkdir test2
.  ..  bin  exec.script  .git  LICENSE	Makefile  README.md  rshell  src  test	tests
hello
$ ls -a; echo this will not work && mkdir fail || echo worl    world; cd test
.  ..  bin  exec.script  .git  LICENSE	Makefile  README.md  rshell  src  test	tests
this will not work
this will not work & mkdir fail ||
$ exit
$ ex  ^C
]0;jeffrey@jeffrey-N56DP: ~/cs100/hw0jeffrey@jeffrey-N56DP:~/cs100/hw0$ exit
exit

Script done on Fri 23 Jan 2015 11:21:48 PM PST
